// Jest Snapshot v1, https://jestjs.io/docs/snapshot-testing

exports[`ApiGateway Stack with imported existing domain (production scenario) synthesizes expected CloudFormation template (snapshot) 1`] = `
{
  "Description": "API Gateway stack test",
  "Parameters": {
    "BootstrapVersion": {
      "Default": "/cdk-bootstrap/hnb659fds/version",
      "Description": "Version of the CDK Bootstrap resources in this environment, automatically retrieved from SSM Parameter Store. [cdk:skip]",
      "Type": "AWS::SSM::Parameter::Value<String>",
    },
  },
  "Resources": {
    "Api5XXErrorAlarm6573604F": {
      "Properties": {
        "AlarmActions": [
          {
            "Ref": "ApiAlertTopicA00A90DE",
          },
        ],
        "AlarmDescription": "API Gateway 5XX errors detected",
        "AlarmName": "tg-assistant-dev-api-5xx-errors",
        "ComparisonOperator": "GreaterThanOrEqualToThreshold",
        "Dimensions": [
          {
            "Name": "ApiId",
            "Value": {
              "Ref": "HttpApiF5A9A8A7",
            },
          },
        ],
        "EvaluationPeriods": 2,
        "MetricName": "5xx",
        "Namespace": "AWS/ApiGateway",
        "OKActions": [
          {
            "Ref": "ApiAlertTopicA00A90DE",
          },
        ],
        "Period": 300,
        "Statistic": "Sum",
        "Threshold": 5,
        "TreatMissingData": "notBreaching",
      },
      "Type": "AWS::CloudWatch::Alarm",
    },
    "ApiAccessLogGroupCEA70788": {
      "DeletionPolicy": "Retain",
      "Properties": {
        "LogGroupName": "/aws/apigateway/tg-assistant-dev-http-api",
        "RetentionInDays": 30,
      },
      "Type": "AWS::Logs::LogGroup",
      "UpdateReplacePolicy": "Retain",
    },
    "ApiAlertTopicA00A90DE": {
      "Properties": {
        "DisplayName": "API Gateway Alerts",
        "TopicName": "tg-assistant-dev-api-alerts",
      },
      "Type": "AWS::SNS::Topic",
    },
    "ApiId3E3142C2": {
      "Properties": {
        "Description": "HTTP API ID for API Gateway",
        "Name": "/automation/dev/api-gateway/id",
        "Type": "String",
        "Value": {
          "Ref": "HttpApiF5A9A8A7",
        },
      },
      "Type": "AWS::SSM::Parameter",
    },
    "ApiLatencyAlarm453002C0": {
      "Properties": {
        "AlarmActions": [
          {
            "Ref": "ApiAlertTopicA00A90DE",
          },
        ],
        "AlarmDescription": "API Gateway latency exceeds threshold",
        "AlarmName": "tg-assistant-dev-api-latency",
        "ComparisonOperator": "GreaterThanOrEqualToThreshold",
        "Dimensions": [
          {
            "Name": "ApiId",
            "Value": {
              "Ref": "HttpApiF5A9A8A7",
            },
          },
        ],
        "EvaluationPeriods": 3,
        "ExtendedStatistic": "p95",
        "MetricName": "Latency",
        "Namespace": "AWS/ApiGateway",
        "OKActions": [
          {
            "Ref": "ApiAlertTopicA00A90DE",
          },
        ],
        "Period": 300,
        "Threshold": 5000,
        "TreatMissingData": "notBreaching",
      },
      "Type": "AWS::CloudWatch::Alarm",
    },
    "ApiMapping8F180979": {
      "DependsOn": [
        "HttpStageB46AEAD3",
      ],
      "Properties": {
        "ApiId": {
          "Ref": "HttpApiF5A9A8A7",
        },
        "ApiMappingKey": "dev",
        "DomainName": "tg.qlibin.com",
        "Stage": "dev",
      },
      "Type": "AWS::ApiGatewayV2::ApiMapping",
    },
    "ApiUrl27F547E6": {
      "Properties": {
        "Description": "HTTP API URL (execute-api endpoint)",
        "Name": "/automation/dev/api-gateway/url",
        "Type": "String",
        "Value": {
          "Fn::Join": [
            "",
            [
              "https://",
              {
                "Ref": "HttpApiF5A9A8A7",
              },
              ".execute-api.eu-central-1.",
              {
                "Ref": "AWS::URLSuffix",
              },
              "/dev",
            ],
          ],
        },
      },
      "Type": "AWS::SSM::Parameter",
    },
    "DomainNameParamB41E83D4": {
      "Properties": {
        "Description": "Custom domain name for API Gateway",
        "Name": "/automation/dev/api-gateway/domain-name",
        "Type": "String",
        "Value": "tg.qlibin.com",
      },
      "Type": "AWS::SSM::Parameter",
    },
    "HttpApiF5A9A8A7": {
      "Properties": {
        "Description": "Telegram bot API Gateway for dev",
        "DisableExecuteApiEndpoint": true,
        "Name": "tg-assistant-telegram-bot-api-dev",
        "ProtocolType": "HTTP",
      },
      "Type": "AWS::ApiGatewayV2::Api",
    },
    "HttpApiPOSTqlibinassistantlistener6AC1F566": {
      "Properties": {
        "ApiId": {
          "Ref": "HttpApiF5A9A8A7",
        },
        "AuthorizationType": "NONE",
        "RouteKey": "POST /qlibin-assistant-listener",
        "Target": {
          "Fn::Join": [
            "",
            [
              "integrations/",
              {
                "Ref": "HttpApiPOSTqlibinassistantlistenerWebhookIntegrationB9EB3F70",
              },
            ],
          ],
        },
      },
      "Type": "AWS::ApiGatewayV2::Route",
    },
    "HttpApiPOSTqlibinassistantlistenerWebhookIntegrationB9EB3F70": {
      "Properties": {
        "ApiId": {
          "Ref": "HttpApiF5A9A8A7",
        },
        "IntegrationType": "AWS_PROXY",
        "IntegrationUri": {
          "Fn::Join": [
            "",
            [
              "arn:",
              {
                "Ref": "AWS::Partition",
              },
              ":lambda:eu-central-1:123456789012:function:telegram-webhook-lambda-dev",
            ],
          ],
        },
        "PayloadFormatVersion": "1.0",
        "TimeoutInMillis": 29000,
      },
      "Type": "AWS::ApiGatewayV2::Integration",
    },
    "HttpApiPOSTqlibinassistantlistenerWebhookIntegrationPermission96ADDCB6": {
      "Properties": {
        "Action": "lambda:InvokeFunction",
        "FunctionName": {
          "Fn::Join": [
            "",
            [
              "arn:",
              {
                "Ref": "AWS::Partition",
              },
              ":lambda:eu-central-1:123456789012:function:telegram-webhook-lambda-dev",
            ],
          ],
        },
        "Principal": "apigateway.amazonaws.com",
        "SourceArn": {
          "Fn::Join": [
            "",
            [
              "arn:",
              {
                "Ref": "AWS::Partition",
              },
              ":execute-api:eu-central-1:123456789012:",
              {
                "Ref": "HttpApiF5A9A8A7",
              },
              "/*/*/qlibin-assistant-listener",
            ],
          ],
        },
      },
      "Type": "AWS::Lambda::Permission",
    },
    "HttpStageB46AEAD3": {
      "Properties": {
        "AccessLogSettings": {
          "DestinationArn": {
            "Fn::GetAtt": [
              "ApiAccessLogGroupCEA70788",
              "Arn",
            ],
          },
          "Format": "{"requestId":"$context.requestId","ip":"$context.identity.sourceIp","requestTime":"$context.requestTime","httpMethod":"$context.httpMethod","routeKey":"$context.routeKey","status":"$context.status","protocol":"$context.protocol","responseLength":"$context.responseLength","integrationError":"$context.integrationErrorMessage","errorMessage":"$context.error.message"}",
        },
        "ApiId": {
          "Ref": "HttpApiF5A9A8A7",
        },
        "AutoDeploy": true,
        "DefaultRouteSettings": {
          "DetailedMetricsEnabled": true,
          "ThrottlingBurstLimit": 25,
          "ThrottlingRateLimit": 10,
        },
        "StageName": "dev",
      },
      "Type": "AWS::ApiGatewayV2::Stage",
    },
    "SourceArnA427948C": {
      "Properties": {
        "Description": "API Gateway source ARN for Lambda resource-based permissions",
        "Name": "/automation/dev/api-gateway/source-arn",
        "Type": "String",
        "Value": {
          "Fn::Join": [
            "",
            [
              "arn:",
              {
                "Ref": "AWS::Partition",
              },
              ":execute-api:eu-central-1:123456789012:",
              {
                "Ref": "HttpApiF5A9A8A7",
              },
              "/*",
            ],
          ],
        },
      },
      "Type": "AWS::SSM::Parameter",
    },
    "StageName5D71D5D1": {
      "Properties": {
        "Description": "API Gateway stage name",
        "Name": "/automation/dev/api-gateway/stage-name",
        "Type": "String",
        "Value": "dev",
      },
      "Type": "AWS::SSM::Parameter",
    },
  },
  "Rules": {
    "CheckBootstrapVersion": {
      "Assertions": [
        {
          "Assert": {
            "Fn::Not": [
              {
                "Fn::Contains": [
                  [
                    "1",
                    "2",
                    "3",
                    "4",
                    "5",
                  ],
                  {
                    "Ref": "BootstrapVersion",
                  },
                ],
              },
            ],
          },
          "AssertDescription": "CDK bootstrap stack version 6 required. Please run 'cdk bootstrap' with a recent version of the CDK CLI.",
        },
      ],
    },
  },
}
`;
